------------------------------------------------------------
Timing Analyzer Summary
------------------------------------------------------------

Type  : Slow 1100mV 85C Model Setup 'ID_EX_PIPE:inst14|instr_out[0]'
Slack : -15.671
TNS   : -481.985

Type  : Slow 1100mV 85C Model Setup 'IF_ID_pipe:inst6|instr_out[26]'
Slack : -15.110
TNS   : -126.716

Type  : Slow 1100mV 85C Model Setup 'KEY[0]'
Slack : -14.755
TNS   : -9581.917

Type  : Slow 1100mV 85C Model Setup 'inst4|inst4|vgaclk_inst|altera_pll_i|general[0].gpll~PLL_OUTPUT_COUNTER|divclk'
Slack : -12.533
TNS   : -647.264

Type  : Slow 1100mV 85C Model Setup 'CLOCK_50'
Slack : -3.096
TNS   : -22.739

Type  : Slow 1100mV 85C Model Setup 'clk_div:inst11|clock_1Mhz_reg'
Slack : -1.549
TNS   : -10.020

Type  : Slow 1100mV 85C Model Setup 'clk_div:inst11|clock_10Khz_reg'
Slack : -1.541
TNS   : -7.653

Type  : Slow 1100mV 85C Model Setup 'clk_div:inst11|clock_100Khz_reg'
Slack : -1.524
TNS   : -8.014

Type  : Slow 1100mV 85C Model Setup 'clk_div:inst11|clock_1Khz_reg'
Slack : -1.374
TNS   : -6.628

Type  : Slow 1100mV 85C Model Setup 'clk_div:inst11|clock_100hz_reg'
Slack : -1.360
TNS   : -7.722

Type  : Slow 1100mV 85C Model Setup 'clk_div:inst11|clock_10Hz_reg'
Slack : -1.352
TNS   : -8.959

Type  : Slow 1100mV 85C Model Hold 'KEY[0]'
Slack : -5.002
TNS   : -18.319

Type  : Slow 1100mV 85C Model Hold 'CLOCK_50'
Slack : 0.199
TNS   : 0.000

Type  : Slow 1100mV 85C Model Hold 'inst4|inst4|vgaclk_inst|altera_pll_i|general[0].gpll~PLL_OUTPUT_COUNTER|divclk'
Slack : 0.276
TNS   : 0.000

Type  : Slow 1100mV 85C Model Hold 'ID_EX_PIPE:inst14|instr_out[0]'
Slack : 0.484
TNS   : 0.000

Type  : Slow 1100mV 85C Model Hold 'clk_div:inst11|clock_10Khz_reg'
Slack : 0.808
TNS   : 0.000

Type  : Slow 1100mV 85C Model Hold 'clk_div:inst11|clock_100hz_reg'
Slack : 0.809
TNS   : 0.000

Type  : Slow 1100mV 85C Model Hold 'clk_div:inst11|clock_10Hz_reg'
Slack : 0.821
TNS   : 0.000

Type  : Slow 1100mV 85C Model Hold 'clk_div:inst11|clock_100Khz_reg'
Slack : 0.868
TNS   : 0.000

Type  : Slow 1100mV 85C Model Hold 'clk_div:inst11|clock_1Khz_reg'
Slack : 0.869
TNS   : 0.000

Type  : Slow 1100mV 85C Model Hold 'clk_div:inst11|clock_1Mhz_reg'
Slack : 0.967
TNS   : 0.000

Type  : Slow 1100mV 85C Model Hold 'IF_ID_pipe:inst6|instr_out[26]'
Slack : 1.164
TNS   : 0.000

Type  : Slow 1100mV 85C Model Recovery 'IF_ID_pipe:inst6|instr_out[26]'
Slack : -14.230
TNS   : -95.795

Type  : Slow 1100mV 85C Model Recovery 'ID_EX_PIPE:inst14|instr_out[0]'
Slack : -12.411
TNS   : -371.723

Type  : Slow 1100mV 85C Model Removal 'ID_EX_PIPE:inst14|instr_out[0]'
Slack : 0.310
TNS   : 0.000

Type  : Slow 1100mV 85C Model Removal 'IF_ID_pipe:inst6|instr_out[26]'
Slack : 0.998
TNS   : 0.000

Type  : Slow 1100mV 85C Model Minimum Pulse Width 'KEY[0]'
Slack : -2.636
TNS   : -1708.754

Type  : Slow 1100mV 85C Model Minimum Pulse Width 'IF_ID_pipe:inst6|instr_out[26]'
Slack : -1.353
TNS   : -37.623

Type  : Slow 1100mV 85C Model Minimum Pulse Width 'clk_div:inst11|clock_1Mhz_reg'
Slack : -0.538
TNS   : -5.513

Type  : Slow 1100mV 85C Model Minimum Pulse Width 'clk_div:inst11|clock_10Hz_reg'
Slack : -0.538
TNS   : -5.388

Type  : Slow 1100mV 85C Model Minimum Pulse Width 'clk_div:inst11|clock_100hz_reg'
Slack : -0.538
TNS   : -4.612

Type  : Slow 1100mV 85C Model Minimum Pulse Width 'clk_div:inst11|clock_10Khz_reg'
Slack : -0.538
TNS   : -4.612

Type  : Slow 1100mV 85C Model Minimum Pulse Width 'clk_div:inst11|clock_100Khz_reg'
Slack : -0.538
TNS   : -4.610

Type  : Slow 1100mV 85C Model Minimum Pulse Width 'clk_div:inst11|clock_1Khz_reg'
Slack : -0.538
TNS   : -3.842

Type  : Slow 1100mV 85C Model Minimum Pulse Width 'ID_EX_PIPE:inst14|instr_out[0]'
Slack : 0.099
TNS   : 0.000

Type  : Slow 1100mV 85C Model Minimum Pulse Width 'inst4|inst4|vgaclk_inst|altera_pll_i|general[0].gpll~FRACTIONAL_PLL|vcoph[0]'
Slack : 0.497
TNS   : 0.000

Type  : Slow 1100mV 85C Model Minimum Pulse Width 'CLOCK_50'
Slack : 8.972
TNS   : 0.000

Type  : Slow 1100mV 85C Model Minimum Pulse Width 'inst4|inst4|vgaclk_inst|altera_pll_i|general[0].gpll~PLL_OUTPUT_COUNTER|divclk'
Slack : 18.495
TNS   : 0.000

Type  : Slow 1100mV 0C Model Setup 'ID_EX_PIPE:inst14|instr_out[0]'
Slack : -15.402
TNS   : -474.927

Type  : Slow 1100mV 0C Model Setup 'IF_ID_pipe:inst6|instr_out[26]'
Slack : -14.555
TNS   : -121.880

Type  : Slow 1100mV 0C Model Setup 'KEY[0]'
Slack : -14.381
TNS   : -9197.698

Type  : Slow 1100mV 0C Model Setup 'inst4|inst4|vgaclk_inst|altera_pll_i|general[0].gpll~PLL_OUTPUT_COUNTER|divclk'
Slack : -12.148
TNS   : -624.944

Type  : Slow 1100mV 0C Model Setup 'CLOCK_50'
Slack : -2.853
TNS   : -20.688

Type  : Slow 1100mV 0C Model Setup 'clk_div:inst11|clock_1Mhz_reg'
Slack : -1.596
TNS   : -10.331

Type  : Slow 1100mV 0C Model Setup 'clk_div:inst11|clock_100Khz_reg'
Slack : -1.582
TNS   : -8.176

Type  : Slow 1100mV 0C Model Setup 'clk_div:inst11|clock_10Khz_reg'
Slack : -1.578
TNS   : -7.602

Type  : Slow 1100mV 0C Model Setup 'clk_div:inst11|clock_1Khz_reg'
Slack : -1.393
TNS   : -6.689

Type  : Slow 1100mV 0C Model Setup 'clk_div:inst11|clock_100hz_reg'
Slack : -1.381
TNS   : -7.802

Type  : Slow 1100mV 0C Model Setup 'clk_div:inst11|clock_10Hz_reg'
Slack : -1.372
TNS   : -9.040

Type  : Slow 1100mV 0C Model Hold 'KEY[0]'
Slack : -4.824
TNS   : -17.154

Type  : Slow 1100mV 0C Model Hold 'CLOCK_50'
Slack : -0.107
TNS   : -0.107

Type  : Slow 1100mV 0C Model Hold 'inst4|inst4|vgaclk_inst|altera_pll_i|general[0].gpll~PLL_OUTPUT_COUNTER|divclk'
Slack : 0.263
TNS   : 0.000

Type  : Slow 1100mV 0C Model Hold 'ID_EX_PIPE:inst14|instr_out[0]'
Slack : 0.534
TNS   : 0.000

Type  : Slow 1100mV 0C Model Hold 'clk_div:inst11|clock_10Khz_reg'
Slack : 0.743
TNS   : 0.000

Type  : Slow 1100mV 0C Model Hold 'clk_div:inst11|clock_100hz_reg'
Slack : 0.759
TNS   : 0.000

Type  : Slow 1100mV 0C Model Hold 'clk_div:inst11|clock_10Hz_reg'
Slack : 0.773
TNS   : 0.000

Type  : Slow 1100mV 0C Model Hold 'clk_div:inst11|clock_100Khz_reg'
Slack : 0.797
TNS   : 0.000

Type  : Slow 1100mV 0C Model Hold 'clk_div:inst11|clock_1Khz_reg'
Slack : 0.822
TNS   : 0.000

Type  : Slow 1100mV 0C Model Hold 'IF_ID_pipe:inst6|instr_out[26]'
Slack : 0.862
TNS   : 0.000

Type  : Slow 1100mV 0C Model Hold 'clk_div:inst11|clock_1Mhz_reg'
Slack : 0.951
TNS   : 0.000

Type  : Slow 1100mV 0C Model Recovery 'IF_ID_pipe:inst6|instr_out[26]'
Slack : -13.638
TNS   : -92.322

Type  : Slow 1100mV 0C Model Recovery 'ID_EX_PIPE:inst14|instr_out[0]'
Slack : -12.178
TNS   : -364.089

Type  : Slow 1100mV 0C Model Removal 'ID_EX_PIPE:inst14|instr_out[0]'
Slack : 0.334
TNS   : 0.000

Type  : Slow 1100mV 0C Model Removal 'IF_ID_pipe:inst6|instr_out[26]'
Slack : 0.837
TNS   : 0.000

Type  : Slow 1100mV 0C Model Minimum Pulse Width 'KEY[0]'
Slack : -2.636
TNS   : -1684.329

Type  : Slow 1100mV 0C Model Minimum Pulse Width 'IF_ID_pipe:inst6|instr_out[26]'
Slack : -1.223
TNS   : -33.440

Type  : Slow 1100mV 0C Model Minimum Pulse Width 'clk_div:inst11|clock_1Mhz_reg'
Slack : -0.538
TNS   : -5.460

Type  : Slow 1100mV 0C Model Minimum Pulse Width 'clk_div:inst11|clock_10Hz_reg'
Slack : -0.538
TNS   : -5.412

Type  : Slow 1100mV 0C Model Minimum Pulse Width 'clk_div:inst11|clock_100hz_reg'
Slack : -0.538
TNS   : -4.634

Type  : Slow 1100mV 0C Model Minimum Pulse Width 'clk_div:inst11|clock_10Khz_reg'
Slack : -0.538
TNS   : -4.632

Type  : Slow 1100mV 0C Model Minimum Pulse Width 'clk_div:inst11|clock_100Khz_reg'
Slack : -0.538
TNS   : -4.614

Type  : Slow 1100mV 0C Model Minimum Pulse Width 'clk_div:inst11|clock_1Khz_reg'
Slack : -0.538
TNS   : -3.855

Type  : Slow 1100mV 0C Model Minimum Pulse Width 'ID_EX_PIPE:inst14|instr_out[0]'
Slack : 0.144
TNS   : 0.000

Type  : Slow 1100mV 0C Model Minimum Pulse Width 'inst4|inst4|vgaclk_inst|altera_pll_i|general[0].gpll~FRACTIONAL_PLL|vcoph[0]'
Slack : 0.497
TNS   : 0.000

Type  : Slow 1100mV 0C Model Minimum Pulse Width 'CLOCK_50'
Slack : 8.991
TNS   : 0.000

Type  : Slow 1100mV 0C Model Minimum Pulse Width 'inst4|inst4|vgaclk_inst|altera_pll_i|general[0].gpll~PLL_OUTPUT_COUNTER|divclk'
Slack : 18.453
TNS   : 0.000

Type  : Fast 1100mV 85C Model Setup 'IF_ID_pipe:inst6|instr_out[26]'
Slack : -8.315
TNS   : -65.190

Type  : Fast 1100mV 85C Model Setup 'ID_EX_PIPE:inst14|instr_out[0]'
Slack : -7.926
TNS   : -241.017

Type  : Fast 1100mV 85C Model Setup 'KEY[0]'
Slack : -7.732
TNS   : -5229.706

Type  : Fast 1100mV 85C Model Setup 'inst4|inst4|vgaclk_inst|altera_pll_i|general[0].gpll~PLL_OUTPUT_COUNTER|divclk'
Slack : -6.879
TNS   : -357.051

Type  : Fast 1100mV 85C Model Setup 'CLOCK_50'
Slack : -2.049
TNS   : -15.081

Type  : Fast 1100mV 85C Model Setup 'clk_div:inst11|clock_100Khz_reg'
Slack : -0.443
TNS   : -2.189

Type  : Fast 1100mV 85C Model Setup 'clk_div:inst11|clock_1Mhz_reg'
Slack : -0.426
TNS   : -2.731

Type  : Fast 1100mV 85C Model Setup 'clk_div:inst11|clock_10Khz_reg'
Slack : -0.412
TNS   : -2.110

Type  : Fast 1100mV 85C Model Setup 'clk_div:inst11|clock_1Khz_reg'
Slack : -0.394
TNS   : -1.918

Type  : Fast 1100mV 85C Model Setup 'clk_div:inst11|clock_10Hz_reg'
Slack : -0.373
TNS   : -2.397

Type  : Fast 1100mV 85C Model Setup 'clk_div:inst11|clock_100hz_reg'
Slack : -0.367
TNS   : -2.103

Type  : Fast 1100mV 85C Model Hold 'KEY[0]'
Slack : -2.650
TNS   : -10.194

Type  : Fast 1100mV 85C Model Hold 'ID_EX_PIPE:inst14|instr_out[0]'
Slack : -0.007
TNS   : -0.007

Type  : Fast 1100mV 85C Model Hold 'CLOCK_50'
Slack : 0.115
TNS   : 0.000

Type  : Fast 1100mV 85C Model Hold 'inst4|inst4|vgaclk_inst|altera_pll_i|general[0].gpll~PLL_OUTPUT_COUNTER|divclk'
Slack : 0.142
TNS   : 0.000

Type  : Fast 1100mV 85C Model Hold 'clk_div:inst11|clock_100hz_reg'
Slack : 0.317
TNS   : 0.000

Type  : Fast 1100mV 85C Model Hold 'clk_div:inst11|clock_10Khz_reg'
Slack : 0.324
TNS   : 0.000

Type  : Fast 1100mV 85C Model Hold 'clk_div:inst11|clock_10Hz_reg'
Slack : 0.333
TNS   : 0.000

Type  : Fast 1100mV 85C Model Hold 'clk_div:inst11|clock_1Khz_reg'
Slack : 0.348
TNS   : 0.000

Type  : Fast 1100mV 85C Model Hold 'clk_div:inst11|clock_1Mhz_reg'
Slack : 0.357
TNS   : 0.000

Type  : Fast 1100mV 85C Model Hold 'clk_div:inst11|clock_100Khz_reg'
Slack : 0.363
TNS   : 0.000

Type  : Fast 1100mV 85C Model Hold 'IF_ID_pipe:inst6|instr_out[26]'
Slack : 0.652
TNS   : 0.000

Type  : Fast 1100mV 85C Model Recovery 'IF_ID_pipe:inst6|instr_out[26]'
Slack : -7.693
TNS   : -51.371

Type  : Fast 1100mV 85C Model Recovery 'ID_EX_PIPE:inst14|instr_out[0]'
Slack : -6.060
TNS   : -181.307

Type  : Fast 1100mV 85C Model Removal 'ID_EX_PIPE:inst14|instr_out[0]'
Slack : -0.171
TNS   : -0.389

Type  : Fast 1100mV 85C Model Removal 'IF_ID_pipe:inst6|instr_out[26]'
Slack : 0.546
TNS   : 0.000

Type  : Fast 1100mV 85C Model Minimum Pulse Width 'KEY[0]'
Slack : -2.174
TNS   : -607.126

Type  : Fast 1100mV 85C Model Minimum Pulse Width 'IF_ID_pipe:inst6|instr_out[26]'
Slack : -0.664
TNS   : -11.794

Type  : Fast 1100mV 85C Model Minimum Pulse Width 'ID_EX_PIPE:inst14|instr_out[0]'
Slack : 0.048
TNS   : 0.000

Type  : Fast 1100mV 85C Model Minimum Pulse Width 'clk_div:inst11|clock_10Hz_reg'
Slack : 0.125
TNS   : 0.000

Type  : Fast 1100mV 85C Model Minimum Pulse Width 'clk_div:inst11|clock_1Mhz_reg'
Slack : 0.133
TNS   : 0.000

Type  : Fast 1100mV 85C Model Minimum Pulse Width 'clk_div:inst11|clock_100hz_reg'
Slack : 0.143
TNS   : 0.000

Type  : Fast 1100mV 85C Model Minimum Pulse Width 'clk_div:inst11|clock_1Khz_reg'
Slack : 0.144
TNS   : 0.000

Type  : Fast 1100mV 85C Model Minimum Pulse Width 'clk_div:inst11|clock_100Khz_reg'
Slack : 0.146
TNS   : 0.000

Type  : Fast 1100mV 85C Model Minimum Pulse Width 'clk_div:inst11|clock_10Khz_reg'
Slack : 0.146
TNS   : 0.000

Type  : Fast 1100mV 85C Model Minimum Pulse Width 'inst4|inst4|vgaclk_inst|altera_pll_i|general[0].gpll~FRACTIONAL_PLL|vcoph[0]'
Slack : 0.497
TNS   : 0.000

Type  : Fast 1100mV 85C Model Minimum Pulse Width 'CLOCK_50'
Slack : 9.020
TNS   : 0.000

Type  : Fast 1100mV 85C Model Minimum Pulse Width 'inst4|inst4|vgaclk_inst|altera_pll_i|general[0].gpll~PLL_OUTPUT_COUNTER|divclk'
Slack : 18.785
TNS   : 0.000

Type  : Fast 1100mV 0C Model Setup 'IF_ID_pipe:inst6|instr_out[26]'
Slack : -7.371
TNS   : -58.323

Type  : Fast 1100mV 0C Model Setup 'ID_EX_PIPE:inst14|instr_out[0]'
Slack : -7.136
TNS   : -218.193

Type  : Fast 1100mV 0C Model Setup 'KEY[0]'
Slack : -6.753
TNS   : -4450.973

Type  : Fast 1100mV 0C Model Setup 'inst4|inst4|vgaclk_inst|altera_pll_i|general[0].gpll~PLL_OUTPUT_COUNTER|divclk'
Slack : -6.186
TNS   : -322.996

Type  : Fast 1100mV 0C Model Setup 'CLOCK_50'
Slack : -1.604
TNS   : -11.583

Type  : Fast 1100mV 0C Model Setup 'clk_div:inst11|clock_100Khz_reg'
Slack : -0.382
TNS   : -1.837

Type  : Fast 1100mV 0C Model Setup 'clk_div:inst11|clock_1Mhz_reg'
Slack : -0.367
TNS   : -2.334

Type  : Fast 1100mV 0C Model Setup 'clk_div:inst11|clock_10Khz_reg'
Slack : -0.356
TNS   : -1.685

Type  : Fast 1100mV 0C Model Setup 'clk_div:inst11|clock_1Khz_reg'
Slack : -0.323
TNS   : -1.532

Type  : Fast 1100mV 0C Model Setup 'clk_div:inst11|clock_10Hz_reg'
Slack : -0.309
TNS   : -1.951

Type  : Fast 1100mV 0C Model Setup 'clk_div:inst11|clock_100hz_reg'
Slack : -0.304
TNS   : -1.718

Type  : Fast 1100mV 0C Model Hold 'KEY[0]'
Slack : -2.444
TNS   : -10.349

Type  : Fast 1100mV 0C Model Hold 'CLOCK_50'
Slack : -0.121
TNS   : -0.187

Type  : Fast 1100mV 0C Model Hold 'ID_EX_PIPE:inst14|instr_out[0]'
Slack : 0.092
TNS   : 0.000

Type  : Fast 1100mV 0C Model Hold 'inst4|inst4|vgaclk_inst|altera_pll_i|general[0].gpll~PLL_OUTPUT_COUNTER|divclk'
Slack : 0.130
TNS   : 0.000

Type  : Fast 1100mV 0C Model Hold 'clk_div:inst11|clock_100hz_reg'
Slack : 0.273
TNS   : 0.000

Type  : Fast 1100mV 0C Model Hold 'clk_div:inst11|clock_10Khz_reg'
Slack : 0.275
TNS   : 0.000

Type  : Fast 1100mV 0C Model Hold 'clk_div:inst11|clock_10Hz_reg'
Slack : 0.286
TNS   : 0.000

Type  : Fast 1100mV 0C Model Hold 'clk_div:inst11|clock_1Khz_reg'
Slack : 0.298
TNS   : 0.000

Type  : Fast 1100mV 0C Model Hold 'clk_div:inst11|clock_100Khz_reg'
Slack : 0.307
TNS   : 0.000

Type  : Fast 1100mV 0C Model Hold 'clk_div:inst11|clock_1Mhz_reg'
Slack : 0.331
TNS   : 0.000

Type  : Fast 1100mV 0C Model Hold 'IF_ID_pipe:inst6|instr_out[26]'
Slack : 0.619
TNS   : 0.000

Type  : Fast 1100mV 0C Model Recovery 'IF_ID_pipe:inst6|instr_out[26]'
Slack : -6.791
TNS   : -45.526

Type  : Fast 1100mV 0C Model Recovery 'ID_EX_PIPE:inst14|instr_out[0]'
Slack : -5.477
TNS   : -164.376

Type  : Fast 1100mV 0C Model Removal 'ID_EX_PIPE:inst14|instr_out[0]'
Slack : -0.145
TNS   : -0.286

Type  : Fast 1100mV 0C Model Removal 'IF_ID_pipe:inst6|instr_out[26]'
Slack : 0.486
TNS   : 0.000

Type  : Fast 1100mV 0C Model Minimum Pulse Width 'KEY[0]'
Slack : -2.174
TNS   : -582.794

Type  : Fast 1100mV 0C Model Minimum Pulse Width 'IF_ID_pipe:inst6|instr_out[26]'
Slack : -0.492
TNS   : -8.596

Type  : Fast 1100mV 0C Model Minimum Pulse Width 'clk_div:inst11|clock_10Hz_reg'
Slack : 0.125
TNS   : 0.000

Type  : Fast 1100mV 0C Model Minimum Pulse Width 'ID_EX_PIPE:inst14|instr_out[0]'
Slack : 0.130
TNS   : 0.000

Type  : Fast 1100mV 0C Model Minimum Pulse Width 'clk_div:inst11|clock_1Mhz_reg'
Slack : 0.139
TNS   : 0.000

Type  : Fast 1100mV 0C Model Minimum Pulse Width 'clk_div:inst11|clock_100hz_reg'
Slack : 0.143
TNS   : 0.000

Type  : Fast 1100mV 0C Model Minimum Pulse Width 'clk_div:inst11|clock_1Khz_reg'
Slack : 0.145
TNS   : 0.000

Type  : Fast 1100mV 0C Model Minimum Pulse Width 'clk_div:inst11|clock_10Khz_reg'
Slack : 0.146
TNS   : 0.000

Type  : Fast 1100mV 0C Model Minimum Pulse Width 'clk_div:inst11|clock_100Khz_reg'
Slack : 0.147
TNS   : 0.000

Type  : Fast 1100mV 0C Model Minimum Pulse Width 'inst4|inst4|vgaclk_inst|altera_pll_i|general[0].gpll~FRACTIONAL_PLL|vcoph[0]'
Slack : 0.497
TNS   : 0.000

Type  : Fast 1100mV 0C Model Minimum Pulse Width 'CLOCK_50'
Slack : 9.062
TNS   : 0.000

Type  : Fast 1100mV 0C Model Minimum Pulse Width 'inst4|inst4|vgaclk_inst|altera_pll_i|general[0].gpll~PLL_OUTPUT_COUNTER|divclk'
Slack : 18.786
TNS   : 0.000

------------------------------------------------------------
